../Core/Src/main.c:68:5:__io_putchar	16	static
../Core/Src/main.c:73:5:getchar	16	static
../Core/Src/main.c:92:5:main	32	static
../Core/Src/main.c:147:6:SystemClock_Config	88	static
../Core/Src/main.c:194:13:MX_ADC1_Init	48	static
../Core/Src/main.c:277:13:MX_TIM2_Init	32	static
../Core/Src/main.c:322:13:MX_USART2_UART_Init	8	static
../Core/Src/main.c:353:13:MX_DMA_Init	16	static
../Core/Src/main.c:371:13:MX_GPIO_Init	48	static
../Core/Src/main.c:400:6:HAL_ADC_ConvCpltCallback	16	static
../Core/Src/main.c:403:6:HAL_ADC_LevelOutOfWindowCallback	16	static
../Core/Src/main.c:412:6:Error_Handler	4	static,ignoring_inline_asm
