../Core/Src/main.c:46:9:SPIRead	24	static
../Core/Src/main.c:53:6:SPIWrite	24	static
../Core/Src/main.c:59:5:__io_putchar	16	static
../Core/Src/main.c:64:5:getchar	16	static
../Core/Src/main.c:79:5:main	8	static
../Core/Src/main.c:128:6:SystemClock_Config	88	static
../Core/Src/main.c:175:13:MX_SPI1_Init	8	static
../Core/Src/main.c:210:13:MX_TIM1_Init	32	static
../Core/Src/main.c:253:13:MX_USART2_UART_Init	8	static
../Core/Src/main.c:283:13:MX_GPIO_Init	48	static
../Core/Src/main.c:350:6:HAL_TIM_PeriodElapsedCallback	24	static
../Core/Src/main.c:364:6:Error_Handler	4	static
