../Core/Src/main.c:73:5:__io_putchar	16	static
../Core/Src/main.c:78:5:getchar	16	static
../Core/Src/main.c:122:10:display_number	32	static
../Core/Src/main.c:105:5:main	336	static
../Core/Src/main.c:221:6:SystemClock_Config	88	static
../Core/Src/main.c:268:13:MX_ADC1_Init	24	static
../Core/Src/main.c:320:13:MX_TIM1_Init	32	static
../Core/Src/main.c:366:13:MX_TIM2_Init	32	static
../Core/Src/main.c:411:13:MX_TIM4_Init	32	static
../Core/Src/main.c:456:13:MX_USART2_UART_Init	8	static
../Core/Src/main.c:489:13:MX_GPIO_Init	48	static
../Core/Src/main.c:560:6:HAL_ADC_ConvCpltCallback	24	static
../Core/Src/main.c:580:6:Error_Handler	4	static,ignoring_inline_asm
